// Jest Snapshot v1, https://goo.gl/fbAQLP

exports[`page: Error404Page default render 1`] = `
<div>
  <div
    class="makeStyles-root-6"
  >
    <header
      class="MuiPaper-root MuiPaper-elevation0 MuiAppBar-root MuiAppBar-positionSticky makeStyles-appBar-8 MuiAppBar-colorPrimary"
    >
      <div
        class="MuiToolbar-root MuiToolbar-regular makeStyles-toolbar-9 MuiToolbar-gutters"
      >
        <div
          class="makeStyles-leftSlot-10"
        />
        <div
          class="makeStyles-brand-11"
        >
          <a
            class="MuiTypography-root MuiLink-root MuiLink-underlineNone makeStyles-brandName-12 MuiTypography-h6 MuiTypography-colorInherit"
          >
            Weather App
          </a>
        </div>
        <div
          class="makeStyles-rightSlot-13"
        />
      </div>
    </header>
    <div
      class="makeStyles-container-7"
    >
      <div
        class="makeStyles-root-1"
      >
        <div
          class="MuiPaper-root MuiPaper-elevation1 MuiCard-root makeStyles-card-2 MuiPaper-rounded"
        >
          <div
            class="MuiCardContent-root"
          >
            <h1
              class="MuiTypography-root makeStyles-title-3 MuiTypography-body1"
            >
              Page Not Found
            </h1>
            <p
              class="MuiTypography-root makeStyles-content-4 MuiTypography-body1"
            >
              Looks like you've followed a broken link or entered a URL that doesn't exist on this site.
            </p>
          </div>
          <div
            class="MuiCardActions-root MuiCardActions-spacing"
          >
            <a
              class="MuiTypography-root MuiLink-root MuiLink-underlineHover makeStyles-goToHomeLink-5 MuiTypography-colorPrimary"
            >
              <svg
                aria-hidden="true"
                class="MuiSvgIcon-root"
                focusable="false"
                role="presentation"
                viewBox="0 0 24 24"
              >
                <path
                  d="M15.41 16.59L10.83 12l4.58-4.59L14 6l-6 6 6 6 1.41-1.41z"
                />
                <path
                  d="M0 0h24v24H0V0z"
                  fill="none"
                />
              </svg>
              Back to home
            </a>
          </div>
        </div>
      </div>
    </div>
  </div>
</div>
`;
