// Jest Snapshot v1, https://goo.gl/fbAQLP

exports[`range delta 2 1`] = `
Array [
  1,
  3,
  5,
  7,
  9,
]
`;

exports[`range range 1 to 10 1`] = `
Array [
  1,
  2,
  3,
  4,
  5,
  6,
  7,
  8,
  9,
  10,
]
`;
