// Jest Snapshot v1, https://goo.gl/fbAQLP

exports[`numberToStringTemperature should convert the number to a string <degree>° / <degree>F 1`] = `"20°C/68F"`;

exports[`numberToStringTemperature should round the temparatures 1`] = `"13°C/56F"`;
